{"label":"batch22 B6-01 GET /portal/oa rejects all six invalid company selections before writes","ok":true,"detail":[{"id":"b61a8e58-617b-4e84-8bfe-26fc12ea488a","status":400,"code":"COMPANY_NOT_FOUND","unchanged":true},{"id":"foreign","status":400,"code":"COMPANY_NOT_FOUND","unchanged":true},{"id":"unpaid","status":400,"code":"COMPANY_NOT_FOUND","unchanged":true},{"id":"","status":400,"code":"COMPANY_NOT_FOUND","unchanged":true},{"id":"bad-id","status":400,"code":"COMPANY_NOT_FOUND","unchanged":true},{"id":" ","status":400,"code":"COMPANY_NOT_FOUND","unchanged":true}]}
{"label":"batch22 B6-01 PUT /portal/oa/answers rejects all six invalid company selections before writes","ok":true,"detail":[{"id":"0328a2e1-bc77-4101-b6ca-60aef57e5807","status":400,"code":"COMPANY_NOT_FOUND","unchanged":true},{"id":"foreign","status":400,"code":"COMPANY_NOT_FOUND","unchanged":true},{"id":"unpaid","status":400,"code":"COMPANY_NOT_FOUND","unchanged":true},{"id":"","status":400,"code":"COMPANY_NOT_FOUND","unchanged":true},{"id":"bad-id","status":400,"code":"COMPANY_NOT_FOUND","unchanged":true},{"id":" ","status":400,"code":"COMPANY_NOT_FOUND","unchanged":true}]}
{"label":"batch22 B6-01 POST /portal/oa/generate rejects all six invalid company selections before writes","ok":true,"detail":[{"id":"6d10a5de-5bc0-4222-854e-d7647a0e338f","status":400,"code":"COMPANY_NOT_FOUND","unchanged":true},{"id":"foreign","status":400,"code":"COMPANY_NOT_FOUND","unchanged":true},{"id":"unpaid","status":400,"code":"COMPANY_NOT_FOUND","unchanged":true},{"id":"","status":400,"code":"COMPANY_NOT_FOUND","unchanged":true},{"id":"bad-id","status":400,"code":"COMPANY_NOT_FOUND","unchanged":true},{"id":" ","status":400,"code":"COMPANY_NOT_FOUND","unchanged":true}]}
{"label":"batch22 B6-01 POST /portal/series/consent rejects all six invalid company selections before writes","ok":true,"detail":[{"id":"a8a27b22-1607-4eff-adb9-272e117f1625","status":400,"code":"COMPANY_NOT_FOUND","unchanged":true},{"id":"foreign","status":400,"code":"COMPANY_NOT_FOUND","unchanged":true},{"id":"unpaid","status":400,"code":"COMPANY_NOT_FOUND","unchanged":true},{"id":"","status":400,"code":"COMPANY_NOT_FOUND","unchanged":true},{"id":"bad-id","status":400,"code":"COMPANY_NOT_FOUND","unchanged":true},{"id":" ","status":400,"code":"COMPANY_NOT_FOUND","unchanged":true}]}
{"label":"batch22 B6-01 POST /portal/oa/amend rejects all six invalid company selections before writes","ok":true,"detail":[{"id":"b80ac73e-95b5-4209-862a-2c471dcd9a41","status":400,"code":"COMPANY_NOT_FOUND","unchanged":true},{"id":"foreign","status":400,"code":"COMPANY_NOT_FOUND","unchanged":true},{"id":"unpaid","status":400,"code":"COMPANY_NOT_FOUND","unchanged":true},{"id":"","status":400,"code":"COMPANY_NOT_FOUND","unchanged":true},{"id":"bad-id","status":400,"code":"COMPANY_NOT_FOUND","unchanged":true},{"id":" ","status":400,"code":"COMPANY_NOT_FOUND","unchanged":true}]}
{"label":"batch22 B6-01 GET /portal/services rejects all six invalid company selections before writes","ok":true,"detail":[{"id":"eae96d44-8b92-47ce-b702-f4382dd04e71","status":400,"code":"COMPANY_NOT_FOUND","unchanged":true},{"id":"foreign","status":400,"code":"COMPANY_NOT_FOUND","unchanged":true},{"id":"unpaid","status":400,"code":"COMPANY_NOT_FOUND","unchanged":true},{"id":"","status":400,"code":"COMPANY_NOT_FOUND","unchanged":true},{"id":"bad-id","status":400,"code":"COMPANY_NOT_FOUND","unchanged":true},{"id":" ","status":400,"code":"COMPANY_NOT_FOUND","unchanged":true}]}
{"label":"batch22 B6-01 POST /portal/services/s-election rejects all six invalid company selections before writes","ok":true,"detail":[{"id":"f06711ae-4968-4e4b-810c-a300278578f1","status":400,"code":"COMPANY_NOT_FOUND","unchanged":true},{"id":"foreign","status":400,"code":"COMPANY_NOT_FOUND","unchanged":true},{"id":"unpaid","status":400,"code":"COMPANY_NOT_FOUND","unchanged":true},{"id":"","status":400,"code":"COMPANY_NOT_FOUND","unchanged":true},{"id":"bad-id","status":400,"code":"COMPANY_NOT_FOUND","unchanged":true},{"id":" ","status":400,"code":"COMPANY_NOT_FOUND","unchanged":true}]}
{"label":"batch22 B6-01 POST /portal/services/series rejects all six invalid company selections before writes","ok":true,"detail":[{"id":"fd224402-f033-4031-af84-c62f37376809","status":400,"code":"COMPANY_NOT_FOUND","unchanged":true},{"id":"foreign","status":400,"code":"COMPANY_NOT_FOUND","unchanged":true},{"id":"unpaid","status":400,"code":"COMPANY_NOT_FOUND","unchanged":true},{"id":"","status":400,"code":"COMPANY_NOT_FOUND","unchanged":true},{"id":"bad-id","status":400,"code":"COMPANY_NOT_FOUND","unchanged":true},{"id":" ","status":400,"code":"COMPANY_NOT_FOUND","unchanged":true}]}
{"label":"batch22 B6-01 POST /portal/services/certificate rejects all six invalid company selections before writes","ok":true,"detail":[{"id":"c93fcb72-700e-4532-bb16-25d57a659df8","status":400,"code":"COMPANY_NOT_FOUND","unchanged":true},{"id":"foreign","status":400,"code":"COMPANY_NOT_FOUND","unchanged":true},{"id":"unpaid","status":400,"code":"COMPANY_NOT_FOUND","unchanged":true},{"id":"","status":400,"code":"COMPANY_NOT_FOUND","unchanged":true},{"id":"bad-id","status":400,"code":"COMPANY_NOT_FOUND","unchanged":true},{"id":" ","status":400,"code":"COMPANY_NOT_FOUND","unchanged":true}]}
{"label":"batch22 B6-01 POST /portal/services/ein rejects all six invalid company selections before writes","ok":true,"detail":[{"id":"707cfc4b-04f6-43a0-956e-130e242a31d6","status":400,"code":"COMPANY_NOT_FOUND","unchanged":true},{"id":"foreign","status":400,"code":"COMPANY_NOT_FOUND","unchanged":true},{"id":"unpaid","status":400,"code":"COMPANY_NOT_FOUND","unchanged":true},{"id":"","status":400,"code":"COMPANY_NOT_FOUND","unchanged":true},{"id":"bad-id","status":400,"code":"COMPANY_NOT_FOUND","unchanged":true},{"id":" ","status":400,"code":"COMPANY_NOT_FOUND","unchanged":true}]}
{"label":"batch22 B6-01 POST /portal/registered-agent/cancel rejects all six invalid company selections before writes","ok":true,"detail":[{"id":"323166f0-cfac-499a-8939-b31a511bd5b0","status":400,"code":"COMPANY_NOT_FOUND","unchanged":true},{"id":"foreign","status":400,"code":"COMPANY_NOT_FOUND","unchanged":true},{"id":"unpaid","status":400,"code":"COMPANY_NOT_FOUND","unchanged":true},{"id":"","status":400,"code":"COMPANY_NOT_FOUND","unchanged":true},{"id":"bad-id","status":400,"code":"COMPANY_NOT_FOUND","unchanged":true},{"id":" ","status":400,"code":"COMPANY_NOT_FOUND","unchanged":true}]}
{"label":"batch22 B6-01 /portal/series/consent rejects explicitly null or wrong-type company","ok":true}
{"label":"batch22 B6-01 /portal/registered-agent/cancel rejects explicitly null or wrong-type company","ok":true}
{"label":"batch22 B6-01 owned company and omitted default remain distinct","ok":true}
{"label":"batch22 B3-05 100 owners and 100 contribution shares save and reload exactly","ok":true,"detail":{"status":200,"members":100}}
{"label":"batch22 B3-05 101 members refused without overwriting saved draft","ok":true,"detail":{"status":400}}
{"label":"batch22 B3-05 101 shares refused without overwriting saved draft","ok":true,"detail":{"status":400}}
{"label":"batch22 B3-05 101 unitIds refused without overwriting saved draft","ok":true,"detail":{"status":400}}
{"label":"batch22 B3-05 member actual generated PDF retains all 100 owners and contributions","ok":true,"detail":{"status":200,"printed":true,"contributions":true}}
{"label":"batch22 B3-05 member-s actual generated PDF retains all 100 owners and contributions","ok":true,"detail":{"status":200,"printed":true,"contributions":true}}
{"label":"batch22 B3-05 multi actual generated PDF retains all 100 owners and contributions","ok":true,"detail":{"status":200,"printed":true,"contributions":true}}
{"label":"batch22 B3-05 s actual generated PDF retains all 100 owners and contributions","ok":true,"detail":{"status":200,"printed":true,"contributions":true}}
{"label":"batch22 B3-05 100 owners in 50 couples save and generate every ownership unit","ok":true,"detail":{"save":200,"generate":200}}
{"label":"batch22 B3-03 confirmation refusal returns truthful retry and preserves earlier pending request","ok":true,"detail":{"status":503,"response":{"error":{"message":"We could not send the confirmation link. Please try again.","code":"EMAIL_SEND_FAILED"}},"account":{"email":"batch22@example.test","pending_email":"pending22@example.test"}}}
{"label":"batch22 B3-03 provider response without acceptance identifier is refused","ok":true,"detail":{"status":503}}
{"label":"batch22 B3-03 response waits for provider acceptance","ok":true}
{"label":"batch22 B3-03 old-address notice failure is separate from sent confirmation","ok":true,"detail":{"status":200,"response":{"data":{"ok":true,"pendingEmail":"warning22@example.test","oldAddressNoticeSent":false}}}}
{"label":"batch22 B3-03 retry confirms both sends without changing sign-in","ok":true,"detail":{"status":200,"response":{"data":{"ok":true,"pendingEmail":"warning22@example.test","oldAddressNoticeSent":true}}}}
{"label":"batch22 B3-03 older in-flight different-address request cannot replace newer successful request","ok":true,"detail":{"newer":200,"older":409,"latestTokenActive":true}}
{"label":"batch22 B3-03 older in-flight same-address request cannot replace newer successful request","ok":true,"detail":{"newer":200,"older":409,"latestTokenActive":true}}
{"label":"batch22 B3-03 overlapping same-address activation admits only one change","ok":true,"detail":{"statuses":[200,409]}}
{"label":"batch22 B3-03 only confirmed link changes sign-in","ok":true,"detail":{"status":200}}
{"label":"batch22 B3-03 password change during send cannot resurrect pending email","ok":true,"detail":{"status":409,"account":{"email":"warning22@example.test","pending_email":null}}}
