{"label":"batch22 B6-01 GET /portal/oa rejects all six invalid company selections before writes","ok":false,"detail":[{"id":"883252f3-d706-40d7-939c-404c96b69f8f","status":200,"unchanged":true},{"id":"foreign","status":200,"unchanged":true},{"id":"unpaid","status":200,"unchanged":true},{"id":"","status":200,"unchanged":true},{"id":"bad-id","status":500,"code":"INTERNAL","unchanged":true},{"id":" ","status":500,"code":"INTERNAL","unchanged":true}]}
{"label":"batch22 B6-01 PUT /portal/oa/answers rejects all six invalid company selections before writes","ok":false,"detail":[{"id":"fa048838-32db-494b-913a-d8500511d235","status":400,"code":"NO_LLC","unchanged":true},{"id":"foreign","status":400,"code":"NO_LLC","unchanged":true},{"id":"unpaid","status":400,"code":"NO_LLC","unchanged":true},{"id":"","status":200,"unchanged":false},{"id":"bad-id","status":500,"code":"INTERNAL","unchanged":true},{"id":" ","status":500,"code":"INTERNAL","unchanged":true}]}
{"label":"batch22 B6-01 POST /portal/oa/generate rejects all six invalid company selections before writes","ok":false,"detail":[{"id":"83202aa1-cb0f-44ef-8a8c-8988a30c5937","status":200,"unchanged":false},{"id":"foreign","status":200,"unchanged":false},{"id":"unpaid","status":200,"unchanged":false},{"id":"","status":200,"unchanged":false},{"id":"bad-id","status":500,"code":"INTERNAL","unchanged":true},{"id":" ","status":500,"code":"INTERNAL","unchanged":true}]}
{"label":"batch22 B6-01 POST /portal/series/consent rejects all six invalid company selections before writes","ok":false,"detail":[{"id":"2d83dcad-a0b4-42e7-a63b-ccde1b5f1630","status":200,"unchanged":false},{"id":"foreign","status":200,"unchanged":false},{"id":"unpaid","status":200,"unchanged":false},{"id":"","status":400,"code":"INVALID_INPUT","unchanged":true},{"id":"bad-id","status":400,"code":"INVALID_INPUT","unchanged":true},{"id":" ","status":400,"code":"INVALID_INPUT","unchanged":true}]}
{"label":"batch22 B6-01 POST /portal/oa/amend rejects all six invalid company selections before writes","ok":false,"detail":[{"id":"25f2f77c-5572-4e33-9c37-3126c9fe7598","status":200,"unchanged":false},{"id":"foreign","status":200,"unchanged":false},{"id":"unpaid","status":200,"unchanged":false},{"id":"","status":200,"unchanged":false},{"id":"bad-id","status":500,"code":"INTERNAL","unchanged":true},{"id":" ","status":500,"code":"INTERNAL","unchanged":true}]}
{"label":"batch22 B6-01 GET /portal/services rejects all six invalid company selections before writes","ok":false,"detail":[{"id":"3291f3c9-4a69-40fc-83ae-c87b088c6c41","status":200,"unchanged":true},{"id":"foreign","status":200,"unchanged":true},{"id":"unpaid","status":200,"unchanged":true},{"id":"","status":200,"unchanged":true},{"id":"bad-id","status":500,"code":"INTERNAL","unchanged":true},{"id":" ","status":500,"code":"INTERNAL","unchanged":true}]}
{"label":"batch22 B6-01 POST /portal/services/s-election rejects all six invalid company selections before writes","ok":false,"detail":[{"id":"14baa4c2-bd03-4b34-a746-0eca08358be8","status":200,"unchanged":false},{"id":"foreign","status":200,"unchanged":false},{"id":"unpaid","status":200,"unchanged":false},{"id":"","status":200,"unchanged":false},{"id":"bad-id","status":500,"code":"INTERNAL","unchanged":true},{"id":" ","status":500,"code":"INTERNAL","unchanged":true}]}
{"label":"batch22 B6-01 POST /portal/services/series rejects all six invalid company selections before writes","ok":false,"detail":[{"id":"88b54126-dfcb-4807-8698-7a32a870934f","status":200,"unchanged":false},{"id":"foreign","status":200,"unchanged":false},{"id":"unpaid","status":200,"unchanged":false},{"id":"","status":200,"unchanged":false},{"id":"bad-id","status":500,"code":"INTERNAL","unchanged":true},{"id":" ","status":500,"code":"INTERNAL","unchanged":true}]}
{"label":"batch22 B6-01 POST /portal/services/certificate rejects all six invalid company selections before writes","ok":false,"detail":[{"id":"0efa8505-ffeb-4943-9771-875fe0b69221","status":200,"unchanged":false},{"id":"foreign","status":200,"unchanged":false},{"id":"unpaid","status":200,"unchanged":false},{"id":"","status":200,"unchanged":false},{"id":"bad-id","status":500,"code":"INTERNAL","unchanged":true},{"id":" ","status":500,"code":"INTERNAL","unchanged":true}]}
{"label":"batch22 B6-01 POST /portal/services/ein rejects all six invalid company selections before writes","ok":false,"detail":[{"id":"077ee791-40ca-4a47-bc42-8256472cd6e9","status":200,"unchanged":false},{"id":"foreign","status":200,"unchanged":false},{"id":"unpaid","status":200,"unchanged":false},{"id":"","status":200,"unchanged":false},{"id":"bad-id","status":500,"code":"INTERNAL","unchanged":true},{"id":" ","status":500,"code":"INTERNAL","unchanged":true}]}
{"label":"batch22 B6-01 POST /portal/registered-agent/cancel rejects all six invalid company selections before writes","ok":false,"detail":[{"id":"8abcc18a-0139-4a44-8421-2113cc6b9a57","status":400,"code":"NO_LLC","unchanged":true},{"id":"foreign","status":400,"code":"NO_LLC","unchanged":true},{"id":"unpaid","status":400,"code":"NO_LLC","unchanged":true},{"id":"","status":200,"unchanged":false},{"id":"bad-id","status":500,"code":"INTERNAL","unchanged":true},{"id":" ","status":500,"code":"INTERNAL","unchanged":true}]}
{"label":"batch22 B6-01 /portal/series/consent rejects explicitly null or wrong-type company","ok":true}
{"label":"batch22 B6-01 /portal/registered-agent/cancel rejects explicitly null or wrong-type company","ok":false}
{"label":"batch22 B6-01 owned company and omitted default remain distinct","ok":true}
{"label":"batch22 B3-05 100 owners and 100 contribution shares save and reload exactly","ok":false,"detail":{"status":400}}
{"label":"batch22 B3-05 101 members refused without overwriting saved draft","ok":true,"detail":{"status":400}}
{"label":"batch22 B3-05 101 shares refused without overwriting saved draft","ok":true,"detail":{"status":400}}
{"label":"batch22 B3-05 101 unitIds refused without overwriting saved draft","ok":true,"detail":{"status":400}}
{"label":"batch22 B3-05 member actual generated PDF retains all 100 owners and contributions","ok":false,"detail":{"status":400,"printed":false,"contributions":false,"error":{"message":"Please check your answers.","code":"INVALID_INPUT"}}}
{"label":"batch22 B3-05 member-s actual generated PDF retains all 100 owners and contributions","ok":false,"detail":{"status":400,"printed":false,"contributions":false,"error":{"message":"Please check your answers.","code":"INVALID_INPUT"}}}
{"label":"batch22 B3-05 multi actual generated PDF retains all 100 owners and contributions","ok":false,"detail":{"status":400,"printed":false,"contributions":false,"error":{"message":"Please check your answers.","code":"INVALID_INPUT"}}}
{"label":"batch22 B3-05 s actual generated PDF retains all 100 owners and contributions","ok":false,"detail":{"status":400,"printed":false,"contributions":false,"error":{"message":"Please check your answers.","code":"INVALID_INPUT"}}}
{"label":"batch22 B3-05 100 owners in 50 couples save and generate every ownership unit","ok":false,"detail":{"save":400,"generate":400,"error":{"message":"Please check your answers.","code":"INVALID_INPUT"}}}
{"label":"batch22 B3-03 confirmation refusal returns truthful retry and preserves earlier pending request","ok":false,"detail":{"status":200,"response":{"data":{"ok":true,"pendingEmail":"failed22@example.test"}},"account":{"email":"batch22@example.test","pending_email":"failed22@example.test"}}}
{"label":"batch22 B3-03 provider response without acceptance identifier is refused","ok":false,"detail":{"status":200}}
{"label":"batch22 B3-03 response waits for provider acceptance","ok":false}
{"label":"batch22 B3-03 old-address notice failure is separate from sent confirmation","ok":false,"detail":{"status":200,"response":{"data":{"ok":true,"pendingEmail":"warning22@example.test"}}}}
{"label":"batch22 B3-03 retry confirms both sends without changing sign-in","ok":false,"detail":{"status":200,"response":{"data":{"ok":true,"pendingEmail":"warning22@example.test"}}}}
{"label":"batch22 B3-03 older in-flight different-address request cannot replace newer successful request","ok":false,"detail":{"newer":200,"older":200,"latestTokenActive":true}}
{"label":"batch22 B3-03 older in-flight same-address request cannot replace newer successful request","ok":false,"detail":{"newer":200,"older":200,"latestTokenActive":true}}
{"label":"batch22 B3-03 overlapping same-address activation admits only one change","ok":false,"detail":{"statuses":[200,200]}}
{"label":"batch22 B3-03 only confirmed link changes sign-in","ok":true,"detail":{"status":200}}
{"label":"batch22 B3-03 password change during send cannot resurrect pending email","ok":false,"detail":{"status":200,"account":{"email":"warning22@example.test","pending_email":null}}}
