{"label":"batch23 B5-ARTICLES-METADATA CLIENT omitted number preserved","ok":false,"detail":{"status":200}}
{"label":"batch23 B5-ARTICLES-METADATA CLIENT corrected number saved","ok":false,"detail":{"status":200}}
{"label":"batch23 B5-ARTICLES-METADATA CLIENT invalid correction refused before document writes","ok":false,"detail":{"status":200}}
{"label":"batch23 B5-ARTICLES-METADATA CLIENT office sees corrected number","ok":false,"detail":{"number":""}}
{"label":"batch23 B5-ARTICLES-METADATA SERVICE omitted number preserved","ok":false,"detail":{"status":400,"number":"L26000123456"}}
{"label":"batch23 B5-ARTICLES-METADATA SERVICE corrected number saved","ok":false,"detail":{"status":200}}
{"label":"batch23 B5-ARTICLES-METADATA SERVICE invalid correction refused before document writes","ok":false,"detail":{"status":200}}
{"label":"batch23 B5-ARTICLES-METADATA SERVICE office sees corrected number","ok":false,"detail":{"number":"BAD NUMBER"}}
{"label":"batch23 B5-ARTICLES-METADATA Statement agrees with corrected Articles","ok":false,"detail":[{"meta":{"documentNumber":"BAD NUMBER"}}]}
{"label":"batch23 B4-RESTORE-S-ELECTION-SECRET-STATE backup excludes all temporary numbers","ok":true}
{"label":"batch23 B4-RESTORE-S-ELECTION-SECRET-STATE pending never-generated package requests reentry","ok":false,"detail":{"status":"in_progress","details":{"ein":"","phone":"3055550100","einPending":true,"officerName":"Recovery Client","officerTitle":"Member","shareholders":[{"name":"Recovery Client","joint":"tbe","name2":"Second Owner","address":"100 Main Street, Miami FL 33101","ssnLast4":"6789","percentage":100,"dateAcquired":"2026-09-16","ssnLast4Second":"4321"}],"effectiveDate":"2026-09-16","dateIncorporated":"2026-09-16"},"ein_secret":null}}
{"label":"batch23 B4-RESTORE-S-ELECTION-SECRET-STATE preserves answers but clears both on-file hints","ok":false,"detail":[{"name":"Recovery Client","joint":"tbe","name2":"Second Owner","address":"100 Main Street, Miami FL 33101","ssnLast4":"6789","percentage":100,"dateAcquired":"2026-09-16","ssnLast4Second":"4321"}]}
{"label":"batch23 B4-RESTORE-S-ELECTION-SECRET-STATE automatic email directs reentry at current address without secrets","ok":false,"detail":[]}
{"label":"batch23 B4-RESTORE-S-ELECTION-SECRET-STATE fulfilled cancelled deleted and unstarted unchanged","ok":true,"detail":[{"status":"fulfilled","details":{"ein":"","phone":"3055550100","einPending":true,"officerName":"Recovery Client","officerTitle":"Member","shareholders":[{"name":"Recovery Client","joint":"tbe","name2":"Second Owner","address":"100 Main Street, Miami FL 33101","ssnLast4":"6789","percentage":100,"dateAcquired":"2026-09-16","ssnLast4Second":"4321"}],"effectiveDate":"2026-09-16","dateIncorporated":"2026-09-16"},"ein_secret":null},{"status":"cancelled","details":{"ein":"","phone":"3055550100","einPending":true,"officerName":"Recovery Client","officerTitle":"Member","shareholders":[{"name":"Recovery Client","joint":"tbe","name2":"Second Owner","address":"100 Main Street, Miami FL 33101","ssnLast4":"6789","percentage":100,"dateAcquired":"2026-09-16","ssnLast4Second":"4321"}],"effectiveDate":"2026-09-16","dateIncorporated":"2026-09-16"},"ein_secret":null},{"status":"in_progress","details":{"ein":"","phone":"3055550100","einPending":true,"officerName":"Recovery Client","officerTitle":"Member","shareholders":[{"name":"Recovery Client","joint":"tbe","name2":"Second Owner","address":"100 Main Street, Miami FL 33101","ssnLast4":"6789","percentage":100,"dateAcquired":"2026-09-16","ssnLast4Second":"4321"}],"effectiveDate":"2026-09-16","dateIncorporated":"2026-09-16","documentDeletedAt":"2026-09-16"},"ein_secret":null},{"status":"awaiting_info","details":{},"ein_secret":null}]}
{"label":"batch23 B4-RESTORE-S-ELECTION-SECRET-STATE actual portal returns recovery action","ok":false}
 9 | const report=(label:string,ok:boolean,detail?:unknown)=>console.log(prefix+JSON.stringify({label:`batch23 ${label}`,ok,detail}));
10 | const retain=(name:string,text:string)=>{if(evidence){mkdirSync(evidence,{recursive:true});writeFileSync(join(evidence,name),text);}};
11 | async function main(){
12 |  const dir=mkdtempSync(join(tmpdir(),'batch23-recovery-'));
13 |  try{const child=Bun.spawn(['bun',import.meta.filename,'--child'],{cwd:process.cwd(),env:{...process.env,E2E_OFFLINE:'1',VERCEL:'',DEV_PG_DIR:join(dir,'db'),DEV_STORAGE_DIR:join(dir,'files'),DEV_MIRROR_DIR:join(dir,'mirror'),BATCH23_DIR:dir},stdout:'pipe',stderr:'pipe'});
14 |  const[out,err,exit]=await Promise.all([new Response(child.stdout).text(),new Response(child.stderr).text(),child.exited]);retain('stdout.log',out);retain('stderr.log',err);const rows=out.split('\n').filter(l=>l.startsWith(prefix)).map(l=>JSON.parse(l.slice(prefix.length)));rows.forEach(r=>console.log(JSON.stringify(r)));if(exit||rows.length<24)throw new Error(`Fixture failed ${exit}, ${rows.length} rows\n${out}\n${err}`);console.log(`${rows.filter(r=>r.ok).length}/${rows.length} Batch 23 recovery checks passed`);process.exitCode=rows.some(r=>!r.ok)?1:0;

error: Fixture failed 1, 15 rows
B23R:{"label":"batch23 B5-ARTICLES-METADATA CLIENT omitted number preserved","ok":false,"detail":{"status":200}}
B23R:{"label":"batch23 B5-ARTICLES-METADATA CLIENT corrected number saved","ok":false,"detail":{"status":200}}
B23R:{"label":"batch23 B5-ARTICLES-METADATA CLIENT invalid correction refused before document writes","ok":false,"detail":{"status":200}}
B23R:{"label":"batch23 B5-ARTICLES-METADATA CLIENT office sees corrected number","ok":false,"detail":{"number":""}}
B23R:{"label":"batch23 B5-ARTICLES-METADATA SERVICE omitted number preserved","ok":false,"detail":{"status":400,"number":"L26000123456"}}
B23R:{"label":"batch23 B5-ARTICLES-METADATA SERVICE corrected number saved","ok":false,"detail":{"status":200}}
B23R:{"label":"batch23 B5-ARTICLES-METADATA SERVICE invalid correction refused before document writes","ok":false,"detail":{"status":200}}
B23R:{"label":"batch23 B5-ARTICLES-METADATA SERVICE office sees corrected number","ok":false,"detail":{"number":"BAD NUMBER"}}
B23R:{"label":"batch23 B5-ARTICLES-METADATA Statement agrees with corrected Articles","ok":false,"detail":[{"meta":{"documentNumber":"BAD NUMBER"}}]}
B23R:{"label":"batch23 B4-RESTORE-S-ELECTION-SECRET-STATE backup excludes all temporary numbers","ok":true}
B23R:{"label":"batch23 B4-RESTORE-S-ELECTION-SECRET-STATE pending never-generated package requests reentry","ok":false,"detail":{"status":"in_progress","details":{"ein":"","phone":"3055550100","einPending":true,"officerName":"Recovery Client","officerTitle":"Member","shareholders":[{"name":"Recovery Client","joint":"tbe","name2":"Second Owner","address":"100 Main Street, Miami FL 33101","ssnLast4":"6789","percentage":100,"dateAcquired":"2026-09-16","ssnLast4Second":"4321"}],"effectiveDate":"2026-09-16","dateIncorporated":"2026-09-16"},"ein_secret":null}}
B23R:{"label":"batch23 B4-RESTORE-S-ELECTION-SECRET-STATE preserves answers but clears both on-file hints","ok":false,"detail":[{"name":"Recovery Client","joint":"tbe","name2":"Second Owner","address":"100 Main Street, Miami FL 33101","ssnLast4":"6789","percentage":100,"dateAcquired":"2026-09-16","ssnLast4Second":"4321"}]}
B23R:{"label":"batch23 B4-RESTORE-S-ELECTION-SECRET-STATE automatic email directs reentry at current address without secrets","ok":false,"detail":[]}
B23R:{"label":"batch23 B4-RESTORE-S-ELECTION-SECRET-STATE fulfilled cancelled deleted and unstarted unchanged","ok":true,"detail":[{"status":"fulfilled","details":{"ein":"","phone":"3055550100","einPending":true,"officerName":"Recovery Client","officerTitle":"Member","shareholders":[{"name":"Recovery Client","joint":"tbe","name2":"Second Owner","address":"100 Main Street, Miami FL 33101","ssnLast4":"6789","percentage":100,"dateAcquired":"2026-09-16","ssnLast4Second":"4321"}],"effectiveDate":"2026-09-16","dateIncorporated":"2026-09-16"},"ein_secret":null},{"status":"cancelled","details":{"ein":"","phone":"3055550100","einPending":true,"officerName":"Recovery Client","officerTitle":"Member","shareholders":[{"name":"Recovery Client","joint":"tbe","name2":"Second Owner","address":"100 Main Street, Miami FL 33101","ssnLast4":"6789","percentage":100,"dateAcquired":"2026-09-16","ssnLast4Second":"4321"}],"effectiveDate":"2026-09-16","dateIncorporated":"2026-09-16"},"ein_secret":null},{"status":"in_progress","details":{"ein":"","phone":"3055550100","einPending":true,"officerName":"Recovery Client","officerTitle":"Member","shareholders":[{"name":"Recovery Client","joint":"tbe","name2":"Second Owner","address":"100 Main Street, Miami FL 33101","ssnLast4":"6789","percentage":100,"dateAcquired":"2026-09-16","ssnLast4Second":"4321"}],"effectiveDate":"2026-09-16","dateIncorporated":"2026-09-16","documentDeletedAt":"2026-09-16"},"ein_secret":null},{"status":"awaiting_info","details":{},"ein_secret":null}]}
B23R:{"label":"batch23 B4-RESTORE-S-ELECTION-SECRET-STATE actual portal returns recovery action","ok":false}

33 |  const details={ein:'',einPending:true,dateIncorporated:date,effectiveDate:date,officerName:'Recovery Client',officerTitle:'Member',phone:'3055550100',shareholders:[{name:'Recovery Client',address:'100 Main Street, Miami FL 33101',percentage:100,dateAcquired:date,ssnLast4:'6789',joint:'tbe',name2:'Second Owner',ssnLast4Second:'4321'}]},ids:Record<string,string>={};
34 |  for(const state of ['pending','already-flagged','fulfilled','cancelled','deleted','blank','other-company']){const id=ids[state]=crypto.randomUUID(),status=state==='fulfilled'?'fulfilled':state==='cancelled'?'cancelled':state==='blank'?'awaiting_info':'in_progress';await db.query("INSERT INTO service_orders(id,client_id,formation_order_id,type,status,llc_name,details,amount_cents,paid_at,ein_secret,fulfilled_at)VALUES($1,$2,$3,'s-election',$4,'Recovery LLC',$5,0,now(),$6,CASE WHEN $4='fulfilled' THEN now() ELSE NULL END)",[id,client,state==='other-company'?other.id:co.id,status,JSON.stringify(state==='blank'?{}:{...details,...(state==='deleted'?{documentDeletedAt:date}:{}),...(state==='already-flagged'?{taxpayerNumbersRequired:true,taxpayerNumbersNoticeAt:date}:{})}),encryptSecret(JSON.stringify(['123456789|321654321']))]);}
35 |  const ein=ids.ein=crypto.randomUUID();await db.query("INSERT INTO service_orders(id,client_id,formation_order_id,type,status,llc_name,details,amount_cents,paid_at)VALUES($1,$2,$3,'ein','in_progress','Recovery LLC','{}',0,now())",[ein,client,co.id]);
36 |  const{runDbBackup,listBackups}=await import('./backup');const snap=await runDbBackup(),hit=(await listBackups()).find(b=>b.key===snap.key)!,dump=JSON.parse(gunzipSync(Buffer.from(await readFileStream(hit.storageKey))).toString());report('B4-RESTORE-S-ELECTION-SECRET-STATE backup excludes all temporary numbers',dump.tables.service_orders.every((s:{ein_secret:unknown})=>s.ein_secret===null)&&!JSON.stringify(dump).includes('123456789|321654321'));
37 |  const dir=process.env.BATCH23_DIR!;writeFileSync(join(dir,'dump.json'),JSON.stringify(dump));writeFileSync(join(dir,'want.json'),JSON.stringify({client,co,other,ids,date,token:token.token,admin:admin.token,details}));
38 |  for(const fail of [false,true]){const cp=Bun.spawn(['bun',import.meta.filename,'--restore'],{cwd:process.cwd(),env:{...process.env,DEV_PG_DIR:join(dir,fail?'restored-fail':'restored'),BATCH23_FAIL_MAIL:fail?'1':'0'},stdout:'pipe',stderr:'pipe'});const[out,err,code]=await Promise.all([new Response(cp.stdout).text(),new Response(cp.stderr).text(),cp.exited]);retain(`restore-${fail}-stdout.log`,out);retain(`restore-${fail}-stderr.log`,err);out.split('\n').filter(l=>l.startsWith(prefix)).forEach(l=>console.log(l));if(code)throw new Error(`Restore fixture ${code}\n${out}\n${err}`);}
                                                                                                                                                                                                                                                                                                                                                                                                                                                                                                                                                            ^
error: Restore fixture 1
B23R:{"label":"batch23 B4-RESTORE-S-ELECTION-SECRET-STATE pending never-generated package requests reentry","ok":false,"detail":{"status":"in_progress","details":{"ein":"","phone":"3055550100","einPending":true,"officerName":"Recovery Client","officerTitle":"Member","shareholders":[{"name":"Recovery Client","joint":"tbe","name2":"Second Owner","address":"100 Main Street, Miami FL 33101","ssnLast4":"6789","percentage":100,"dateAcquired":"2026-09-16","ssnLast4Second":"4321"}],"effectiveDate":"2026-09-16","dateIncorporated":"2026-09-16"},"ein_secret":null}}
B23R:{"label":"batch23 B4-RESTORE-S-ELECTION-SECRET-STATE preserves answers but clears both on-file hints","ok":false,"detail":[{"name":"Recovery Client","joint":"tbe","name2":"Second Owner","address":"100 Main Street, Miami FL 33101","ssnLast4":"6789","percentage":100,"dateAcquired":"2026-09-16","ssnLast4Second":"4321"}]}
B23R:{"label":"batch23 B4-RESTORE-S-ELECTION-SECRET-STATE automatic email directs reentry at current address without secrets","ok":false,"detail":[]}
B23R:{"label":"batch23 B4-RESTORE-S-ELECTION-SECRET-STATE fulfilled cancelled deleted and unstarted unchanged","ok":true,"detail":[{"status":"fulfilled","details":{"ein":"","phone":"3055550100","einPending":true,"officerName":"Recovery Client","officerTitle":"Member","shareholders":[{"name":"Recovery Client","joint":"tbe","name2":"Second Owner","address":"100 Main Street, Miami FL 33101","ssnLast4":"6789","percentage":100,"dateAcquired":"2026-09-16","ssnLast4Second":"4321"}],"effectiveDate":"2026-09-16","dateIncorporated":"2026-09-16"},"ein_secret":null},{"status":"cancelled","details":{"ein":"","phone":"3055550100","einPending":true,"officerName":"Recovery Client","officerTitle":"Member","shareholders":[{"name":"Recovery Client","joint":"tbe","name2":"Second Owner","address":"100 Main Street, Miami FL 33101","ssnLast4":"6789","percentage":100,"dateAcquired":"2026-09-16","ssnLast4Second":"4321"}],"effectiveDate":"2026-09-16","dateIncorporated":"2026-09-16"},"ein_secret":null},{"status":"in_progress","details":{"ein":"","phone":"3055550100","einPending":true,"officerName":"Recovery Client","officerTitle":"Member","shareholders":[{"name":"Recovery Client","joint":"tbe","name2":"Second Owner","address":"100 Main Street, Miami FL 33101","ssnLast4":"6789","percentage":100,"dateAcquired":"2026-09-16","ssnLast4Second":"4321"}],"effectiveDate":"2026-09-16","dateIncorporated":"2026-09-16","documentDeletedAt":"2026-09-16"},"ein_secret":null},{"status":"awaiting_info","details":{},"ein_secret":null}]}
B23R:{"label":"batch23 B4-RESTORE-S-ELECTION-SECRET-STATE actual portal returns recovery action","ok":false}

 5 | import {gunzipSync} from 'node:zlib';
 6 | import {PDFDocument} from '@cantoo/pdf-lib';
 7 | const prefix='B23R:';
 8 | const evidence=process.env.BATCH23_RECOVERY_EVIDENCE_DIR;
 9 | const report=(label:string,ok:boolean,detail?:unknown)=>console.log(prefix+JSON.stringify({label:`batch23 ${label}`,ok,detail}));
10 | const retain=(name:string,text:string)=>{if(evidence){mkdirSync(evidence,{recursive:true});writeFileSync(join(evidence,name),text);}};
                                                                                                ^
TypeError: The "data" argument must be of type string or an instance of Buffer, TypedArray, or DataView
 code: "ERR_INVALID_ARG_TYPE"

      at retain (/Users/adam/Documents/FLPSLLC Website Review/audit-repair-group-3-2026-09-20/repo/webapp/server/batch23-recovery-check.ts:10:92)
      at restored (/Users/adam/Documents/FLPSLLC Website Review/audit-repair-group-3-2026-09-20/repo/webapp/server/batch23-recovery-check.ts:48:423)

Bun v1.3.14 (macOS arm64)

      at child (/Users/adam/Documents/FLPSLLC Website Review/audit-repair-group-3-2026-09-20/repo/webapp/server/batch23-recovery-check.ts:38:536)

Bun v1.3.14 (macOS arm64)

      at main (/Users/adam/Documents/FLPSLLC Website Review/audit-repair-group-3-2026-09-20/repo/webapp/server/batch23-recovery-check.ts:14:358)

Bun v1.3.14 (macOS arm64)
