review server: process 25060, started by this command from /Users/adam/Documents/FLPSLLC Website Review/batch-36-implementation-2026-09-22/repo/webapp, owns port 50235; it reports offline = true and no live connections (database, square, blob, resend, dropbox, smarty, sunbiz all off); database: a throwaway folder
[plugin builtin:vite-reporter] 
(!) Some chunks are larger than 500 kB after minification. Consider:
- Using dynamic import() to code-split the application
- Use build.rolldownOptions.output.codeSplitting to improve chunking: https://rolldown.rs/reference/OutputOptions.codeSplitting
- Adjust chunk size limit for this warning via build.chunkSizeWarningLimit.
{"ok":true,"label":"batch10 44: name-hold comment cites both rules"}
{"ok":true,"label":"batch10 61: one business day estimate and automatic nearest permitted filing date"}
{"ok":true,"label":"batch10 78: missing designator asks for selection"}
{"ok":true,"label":"batch10 84: review shows the selected calendar day in words"}
{"ok":true,"label":"batch10 91: series separators validate and deduplicate consistently"}
{"ok":true,"label":"batch10 92: embedded llc letters are not designators"}
{"ok":true,"label":"batch10 93: typed name ending agrees with company type"}
{"ok":true,"label":"batch10 128:florida-date: document defaults use server Eastern date"}
{"ok":true,"label":"batch10 128:viewer-zone-display: service deadlines use Eastern display"}
{"ok":true,"label":"batch10 186: office dates include year and Eastern day"}
{"ok":true,"label":"batch10 supplemental: office copy refreshes date and refuses a failed refresh"}
{"ok":true,"label":"batch10 N4.02: effective date endpoints do not shift with timezone"}
{"ok":true,"label":"batch10 N4.03: business days exclude banking holidays"}
{"ok":true,"label":"batch10 159: series errors identify the invalid field"}
