✅ form still says: "I understand this form is for forming a new domest…"
✅ …and ends: " a new domestic Florida series LLC only."
✅ form still says: "I understand this form is for an existing Florida …"
✅ …and ends: "t adds protected series to that company."
✅ form still says: "I understand that availability is not guaranteed u…"
✅ …and ends: "by the Florida Division of Corporations."
✅ form still says: "I confirm the name does not imply affiliation with…"
✅ …and ends: "th a state or federal government agency."
✅ form still says: "I confirm the name does not imply a purpose unauth…"
✅ …and ends: "ply a purpose unauthorized for this LLC."
✅ form still says: "I only want this exact name — if it is unavailable…"
✅ …and ends: ", contact me before doing anything else."
✅ form still says: "I understand that every protected series will be o…"
✅ …and ends: "eries will have its own separate owners."
✅ form still says: "I understand that the LLC itself cannot serve as i…"
✅ …and ends: "t — I am accepting this role personally."
✅ form still says: "I live in Florida, and the Florida street address …"
✅ …and ends: "LLC’s registered office, not a P.O. Box."
✅ form still says: "This is the registered agent, and the Florida stre…"
✅ …and ends: "r my LLC. This order does not change it."
✅ form still says: "I confirm that the company’s registered agent has …"
✅ …and ends: "ng every protected series in this order."
✅ form still says: "I accept the appointment as registered agent for t…"
✅ …and ends: "accept the obligations of that position."
✅ form still says: "I accept the appointment as registered agent for t…"
✅ …and ends: "accept the obligations of that position."
✅ form still says: "I certify that I am signing for myself as the regi…"
✅ …and ends: "ning for myself as the registered agent."
✅ form still says: "I appoint MyFloridaSeriesLLC as my authorized repr…"
✅ …and ends: "rovided is true, accurate, and complete."
✅ form still says: "I certify that I am authorized to sign and submit …"
✅ …and ends: "ign and submit information for this LLC."
✅ form still says: "I affirm that the LLC has or will have at least on…"
✅ …and ends: "ticles of Organization become effective."
✅ form still says: "I am authorized to act for the company, its member…"
✅ …and ends: "th the Florida Division of Corporations."
✅ form still says: "I am authorized to act for ACME LLC, its members h…"
✅ …and ends: "th the Florida Division of Corporations."
✅ form still says: "I certify that the information provided is true an…"
✅ …and ends: "nd accurate to the best of my knowledge."
✅ form still says: "I am solely responsible for the accuracy of all ad…"
✅ …and ends: "ion, warranty, or guarantee of any kind."
✅ form still says: "I agree to all terms and conditions set forth in t…"
✅ …and ends: "ation provision and class action waiver."
✅ form still says: "I understand that MyFloridaSeriesLLC prepares Form…"
✅ …and ends: "does not prepare late-election packages."
✅ form still says: "I understand that filed information may become par…"
✅ …and ends: "on may become part of the public record."
✅ form still says: "I understand this service does not provide legal, …"
✅ …and ends: "rovide legal, tax, or accounting advice."
✅ agent summary preserves the actual new billing consent without inventing it for old orders
✅ the summary names the company and the client
✅ the summary carries the payment id and the paid time
✅ the summary lists every price line and the total
✅ the summary shows the estimate beside the charge
✅ the summary carries a typed answer
✅ the summary quotes the acknowledgments ticked
✅ the summary records the typed signature
✅ the summary records the address and browser
✅ the summary records the name check the client saw
✅ before payment the summary says so
✅ historical order summary retains the removed Eligibility consents actually given
✅ new order summary records the final consent without inventing removed Eligibility consents

63 checks, 0 failures
