baseline 1 2 FPSLLC Amendment to Operating Agreement - FORM.docx
green 1 2 FPSLLC Amendment to Operating Agreement - FORM.docx
baseline 2 27 FPSLLC Operating Agreement - Manager-Managed (S Corporation) - DRAFT.docx
green 2 28 FPSLLC Operating Agreement - Manager-Managed (S Corporation) - DRAFT.docx
baseline 3 26 FPSLLC Operating Agreement - Manager-Managed Multi-Member (Partnership) - DRAFT.docx
green 3 26 FPSLLC Operating Agreement - Manager-Managed Multi-Member (Partnership) - DRAFT.docx
baseline 4 27 FPSLLC Operating Agreement - Member-Managed (S Corporation) - DRAFT.docx
green 4 28 FPSLLC Operating Agreement - Member-Managed (S Corporation) - DRAFT.docx
baseline 5 26 FPSLLC Operating Agreement - Member-Managed Multi-Member (Partnership) - DRAFT.docx
green 5 26 FPSLLC Operating Agreement - Member-Managed Multi-Member (Partnership) - DRAFT.docx
baseline 6 7 FPSLLC Operating Agreement Instructions - DRAFT.docx
green 6 7 FPSLLC Operating Agreement Instructions - DRAFT.docx
baseline 7 2 FPSLLC Statement of Authorized Representative - FORM.docx
green 7 2 FPSLLC Statement of Authorized Representative - FORM.docx
baseline 8 18 SMMEMDE - FPSLLC Operating Agreement - Member-Managed Single Member (Disregarded) - DRAFT.docx
green 8 18 SMMEMDE - FPSLLC Operating Agreement - Member-Managed Single Member (Disregarded) - DRAFT.docx
baseline 9 19 SMMEMS - FPSLLC Operating Agreement - Member-Managed Single Member (S Corporation) - DRAFT.docx
green 9 19 SMMEMS - FPSLLC Operating Agreement - Member-Managed Single Member (S Corporation) - DRAFT.docx
baseline 10 19 SMMMDE - FPSLLC Operating Agreement - Manager-Managed Single Member (Disregarded) - DRAFT.docx
green 10 19 SMMMDE - FPSLLC Operating Agreement - Manager-Managed Single Member (Disregarded) - DRAFT.docx
baseline 11 21 SMMMS - FPSLLC Operating Agreement - Manager-Managed Single Member (S Corporation) - DRAFT.docx
green 11 21 SMMMS - FPSLLC Operating Agreement - Manager-Managed Single Member (S Corporation) - DRAFT.docx
baseline 12 43 Series LLC Owners Manual - REVISED DRAFT.docx
green 12 43 Series LLC Owners Manual - REVISED DRAFT.docx
