{"label":"batch23 pending account change still sends renewal to confirmed old address","ok":true,"detail":{"ok":true,"found":[{"to":["portal-confirmed-old@example.test"],"subject":"Your registered agent service renews on November 19, 2026"}]}}
{"label":"batch23 real client confirmation changes account email","ok":true,"detail":{"status":200,"account":{"email":"portal-confirmed-current@example.test","pending_email":null}}}
{"label":"batch23 portal-confirmed: notice uses current address","ok":false,"detail":{"ok":false,"found":[{"to":["portal-confirmed-old@example.test"],"subject":"Your registered agent service renews on November 19, 2026"}],"originalEmail":"portal-confirmed-old@example.test","exactAttachment":true}}
{"label":"batch23 portal-confirmed: resignation-due uses current address","ok":false,"detail":{"ok":false,"found":[{"to":["portal-confirmed-old@example.test"],"subject":"Registered-agent resignation due — Notice resignation-due LLC"}],"originalEmail":"portal-confirmed-old@example.test","exactAttachment":true}}
{"label":"batch23 portal-confirmed: decline uses current address","ok":false,"detail":{"ok":false,"found":[{"to":["portal-confirmed-old@example.test"],"subject":"Action needed: your registered agent renewal charge was declined"}],"originalEmail":"portal-confirmed-old@example.test","exactAttachment":true}}
{"label":"batch23 portal-confirmed: receipt uses current address","ok":false,"detail":{"ok":false,"found":[{"to":["portal-confirmed-old@example.test"],"subject":"Registered agent service renewed — Notice receipt LLC"}],"originalEmail":"portal-confirmed-old@example.test","exactAttachment":true}}
{"label":"batch23 portal-confirmed: resignation-receipt uses current address","ok":false,"detail":{"ok":false,"found":[{"to":["portal-confirmed-old@example.test"],"subject":"Registered-agent resignation payment — Notice resignation-receipt LLC"}],"originalEmail":"portal-confirmed-old@example.test","exactAttachment":true}}
{"label":"batch23 portal-confirmed: resignation-copy uses current address","ok":false,"detail":{"ok":false,"found":[],"originalEmail":"portal-confirmed-old@example.test","routeStatus":401,"exactAttachment":false}}
{"label":"batch23 portal-confirmed: resend existing resignation copy uses current address","ok":false,"detail":{"status":401,"ok":false,"found":[]}}
{"label":"batch23 portal-confirmed: every original order email remains historical","ok":true,"detail":[{"contact_email":"portal-confirmed-old@example.test"},{"contact_email":"portal-confirmed-old@example.test"},{"contact_email":"portal-confirmed-old@example.test"},{"contact_email":"portal-confirmed-old@example.test"},{"contact_email":"portal-confirmed-old@example.test"},{"contact_email":"portal-confirmed-old@example.test"},{"contact_email":"portal-confirmed-old@example.test"}]}
{"label":"batch23 real office override changes account email","ok":false,"detail":{"status":401,"account":{"email":"office-override-old@example.test"}}}
{"label":"batch23 office-override: notice uses current address","ok":false,"detail":{"ok":false,"found":[{"to":["office-override-old@example.test"],"subject":"Your registered agent service renews on November 19, 2026"}],"originalEmail":"office-override-old@example.test","exactAttachment":true}}
{"label":"batch23 office-override: resignation-due uses current address","ok":false,"detail":{"ok":false,"found":[{"to":["office-override-old@example.test"],"subject":"Registered-agent resignation due — Notice resignation-due LLC"}],"originalEmail":"office-override-old@example.test","exactAttachment":true}}
{"label":"batch23 office-override: decline uses current address","ok":false,"detail":{"ok":false,"found":[{"to":["office-override-old@example.test"],"subject":"Action needed: your registered agent renewal charge was declined"}],"originalEmail":"office-override-old@example.test","exactAttachment":true}}
{"label":"batch23 office-override: receipt uses current address","ok":false,"detail":{"ok":false,"found":[{"to":["office-override-old@example.test"],"subject":"Registered agent service renewed — Notice receipt LLC"}],"originalEmail":"office-override-old@example.test","exactAttachment":true}}
{"label":"batch23 office-override: resignation-receipt uses current address","ok":false,"detail":{"ok":false,"found":[{"to":["office-override-old@example.test"],"subject":"Registered-agent resignation payment — Notice resignation-receipt LLC"}],"originalEmail":"office-override-old@example.test","exactAttachment":true}}
{"label":"batch23 office-override: resignation-copy uses current address","ok":false,"detail":{"ok":false,"found":[],"originalEmail":"office-override-old@example.test","routeStatus":401,"exactAttachment":false}}
{"label":"batch23 office-override: resend existing resignation copy uses current address","ok":false,"detail":{"status":401,"ok":false,"found":[]}}
{"label":"batch23 office-override: every original order email remains historical","ok":true,"detail":[{"contact_email":"office-override-old@example.test"},{"contact_email":"office-override-old@example.test"},{"contact_email":"office-override-old@example.test"},{"contact_email":"office-override-old@example.test"},{"contact_email":"office-override-old@example.test"},{"contact_email":"office-override-old@example.test"}]}
{"label":"batch23 missing current account refuses notice and retains retryable error","ok":false,"detail":{"status":"link_sent","notice_sent_at":"2026-09-20T12:00:00.000Z","notice_error":null,"lock_until":null}}
{"label":"batch23 missing receipt address does not reverse confirmed payment","ok":false,"detail":{"fulfillmentError":"","renewal":{"status":"charged"},"mailCount":1}}
{"label":"batch23 notice probes made no outside network requests","ok":true,"detail":[]}
