248562 11 Tf
24 TL
1 0 0 1 431.2338421052634 316.5999999999997 Tm
<41677265656D656E74> Tj
T*
ET
Q
q
BT
0.1 0.12 0.16 rg
/Times-Roman-6236973239 11 Tf
24 TL
1 0 0 1 483.93163157894764 316.5999999999997 Tm
<666F72> Tj
T*
ET
Q
q
BT
0.1 0.12 0.16 rg
/Times-Roman-3579594663 11 Tf
24 TL
1 0 0 1 500.5824210526319 316.5999999999997 Tm
<746865> Tj
T*
ET
Q
q
BT
0.1 0.12 0.16 rg
/Times-Roman-1581024189 11 Tf
24 TL
1 0 0 1 517.849210526316 316.5999999999997 Tm
<6E6577> Tj
T*
ET
Q
q
BT
0.1 0.12 0.16 rg
/Times-Roman-2327676785 11 Tf
24 TL
1 0 0 1 72 302.3999999999997 Tm
<50726F746563746564> Tj
T*
ET
Q
q
BT
0.1 0.12 0.16 rg
/Times-Roman-3928180328 11 Tf
24 TL
1 0 0 1 116.90716666666667 302.3999999999997 Tm
<5365726965732C> Tj
T*
ET
Q
q
BT
0.1 0.12 0.16 rg
/Times-Roman-1669120280 11 Tf
24 TL
1 0 0 1 149.90133333333333 302.3999999999997 Tm
<6173> Tj
T*
ET
Q
q
BT
0.1 0.12 0.16 rg
/Times-Roman-8664098964 11 Tf
24 TL
1 0 0 1 162.4245 302.3999999999997 Tm
<53656374696F6E> Tj
T*
ET
Q
q
BT
0.1 0.12 0.16 rg
/Times-Roman-6791056307 11 Tf
24 TL
1 0 0 1 198.78466666666665 302.3999999999997 Tm
<332E31> Tj
T*
ET
Q
q
BT
0.1 0.12 0.16 rg
/Times-Roman-4213021797 11 Tf
24 TL
1 0 0 1 215.8948333333333 302.3999999999997 Tm
<6F66> Tj
T*
ET
Q
q
BT
0.1 0.12 0.16 rg
/Times-Roman-2388681973 11 Tf
24 TL
1 0 0 1 228.41799999999998 302.3999999999997 Tm
<746865> Tj
T*
ET
Q
q
BT
0.1 0.12 0.16 rg
/Times-Roman-9068127507 11 Tf
24 TL
1 0 0 1 245.22016666666664 302.3999999999997 Tm
<41677265656D656E74> Tj
T*
ET
Q
q
BT
0.1 0.12 0.16 rg
/Times-Roman-4515492111 11 Tf
24 TL
1 0 0 1 297.4533333333333 302.3999999999997 Tm
<7265717569726573> Tj
T*
ET
Q
q
BT
0.1 0.12 0.16 rg
/Times-Roman-6171327640 11 Tf
24 TL
1 0 0 1 336.24449999999996 302.3999999999997 Tm
<6174> Tj
T*
ET
Q
q
BT
0.1 0.12 0.16 rg
/Times-Roman-8809248177 11 Tf
24 TL
1 0 0 1 347.5466666666666 302.3999999999997 Tm
<6F72> Tj
T*
ET
Q
q
BT
0.1 0.12 0.16 rg
/Times-Roman-9065114372 11 Tf
24 TL
1 0 0 1 360.0698333333333 302.3999999999997 Tm
<6265666F7265> Tj
T*
ET
Q
q
BT
0.1 0.12 0.16 rg
/Times-Roman-6370065572 11 Tf
24 TL
1 0 0 1 391.52399999999994 302.3999999999997 Tm
<746865> Tj
T*
ET
Q
q
BT
0.1 0.12 0.16 rg
/Times-Roman-8743677144 11 Tf
24 TL
1 0 0 1 408.3261666666666 302.3999999999997 Tm
<66696C696E67> Tj
T*
ET
Q
q
BT
0.1 0.12 0.16 rg
/Times-Roman-5999962280 11 Tf
24 TL
1 0 0 1 435.52333333333326 302.3999999999997 Tm
<6F66> Tj
T*
ET
Q
q
BT
0.1 0.12 0.16 rg
/Times-Roman-718550268 11 Tf
24 TL
1 0 0 1 448.0464999999999 302.3999999999997 Tm
<746865> Tj
T*
ET
Q
q
BT
0.1 0.12 0.16 rg
/Times-Roman-5211922171 11 Tf
24 TL
1 0 0 1 464.8486666666666 302.3999999999997 Tm
<50726F746563746564> Tj
T*
ET
Q
q
BT
0.1 0.12 0.16 rg
/Times-Roman-3680655635 11 Tf
24 TL
1 0 0 1 509.7558333333332 302.3999999999997 Tm
<536572696573> Tj
T*
ET
Q
q
BT
0.1 0.12 0.16 rg
/Times-Roman-7198045819 11 Tf
24 TL
1 0 0 1 72 288.1999999999997 Tm
<44657369676E6174696F6E2E> Tj
T*
ET
Q
q
BT
0.1 0.12 0.16 rg
/Times-Bold-613970749 11 Tf
24 TL
1 0 0 1 72 267.9999999999997 Tm
<362E205265636F7264732E> Tj
T*
ET
Q
q
BT
0.1 0.12 0.16 rg
/Times-Roman-1221100365 11 Tf
24 TL
1 0 0 1 124.239 267.9999999999997 Tm
<2054686520436F6D70616E79207368616C6C2063726561746520616E64206D61696E7461696E2C20666F7220746865206E65772050726F746563746564205365726965732C20746865207265636F72647320726571756972656420627920> Tj
T*
ET
Q
q
BT
0.1 0.12 0.16 rg
/Times-Roman-2372867106 11 Tf
24 TL
1 0 0 1 72 253.79999999999973 Tm
<732E203630352E323330312C20466C6F726964612053746174757465732C20616E642062792041727469636C652038206F66207468652041677265656D656E742E> Tj
T*
ET
Q
q
BT
0.1 0.12 0.16 rg
/Times-Bold-9889806298 11 Tf
24 TL
1 0 0 1 72 233.59999999999974 Tm
<372E> Tj
T*
ET
Q
q
BT
0.1 0.12 0.16 rg
/Times-Bold-836507550 11 Tf
24 TL
1 0 0 1 84.03266666666667 233.59999999999974 Tm
<4566666563742E> Tj
T*
ET
Q
q
BT
0.1 0.12 0.16 rg
/Times-Roman-9196589293 11 Tf
24 TL
1 0 0 1 118.65933333333334 233.59999999999974 Tm
<54686973> Tj
T*
ET
Q
q
BT
0.1 0.12 0.16 rg
/Times-Roman-4282518445 11 Tf
24 TL
1 0 0 1 142 233.59999999999974 Tm
<636F6E73656E74> Tj
T*
ET
Q
q
BT
0.1 0.12 0.16 rg
/Times-Roman-3562682930 11 Tf
24 TL
1 0 0 1 179.38766666666666 233.59999999999974 Tm
<686173> Tj
T*
ET
Q
q
BT
0.1 0.12 0.16 rg
/Times-Roman-9318394668 11 Tf
24 TL
1 0 0 1 197.83333333333334 233.59999999999974 Tm
<746865> Tj
T*
ET
Q
q
BT
0.1 0.12 0.16 rg
/Times-Roman-3970381585 11 Tf
24 TL
1 0 0 1 215.05800000000002 233.59999999999974 Tm
<73616D65> Tj
T*
ET
Q
q
BT
0.1 0.12 0.16 rg
/Times-Roman-1879091805 11 Tf
24 TL
1 0 0 1 241.44566666666668 233.59999999999974 Tm
<656666656374> Tj
T*
ET
Q
q
BT
0.1 0.12 0.16 rg
/Times-Roman-829047795 11 Tf
24 TL
1 0 0 1 270.26433333333335 233.59999999999974 Tm
<6173> Tj
T*
ET
Q
q
BT
0.1 0.12 0.16 rg
/Times-Roman-5281450113 11 Tf
24 TL
1 0 0 1 283.21000000000004 233.59999999999974 Tm
<61> Tj
T*
ET
Q
q
BT
0.1 0.12 0.16 rg
/Times-Roman-1748626711 11 Tf
24 TL
1 0 0 1 291.8766666666667 233.59999999999974 Tm
<766F7465> Tj
T*
ET
Q
q
BT
0.1 0.12 0.16 rg
/Times-Roman-1017008379 11 Tf
24 TL
1 0 0 1 314.6013333333334 233.59999999999974 Tm
<74616B656E> Tj
T*
ET
Q
q
BT
0.1 0.12 0.16 rg
/Times-Roman-5402646456 11 Tf
24 TL
1 0 0 1 342.2100000000001 233.59999999999974 Tm
<6174> Tj
T*
ET
Q
q
BT
0.1 0.12 0.16 rg
/Times-Roman-6817725617 11 Tf
24 TL
1 0 0 1 353.93466666666677 233.59999999999974 Tm
<61> Tj
T*
ET
Q
q
BT
0.1 0.12 0.16 rg
/Times-Roman-6498898716 11 Tf
24 TL
1 0 0 1 362.60133333333346 233.59999999999974 Tm
<6D656574696E67> Tj
T*
ET
Q
q
BT
0.1 0.12 0.16 rg
/Times-Roman-5311975701 11 Tf
24 TL
1 0 0 1 401.82600000000014 233.59999999999974 Tm
<616E64> Tj
T*
ET
Q
q
BT
0.1 0.12 0.16 rg
/Times-Roman-5405352878 11 Tf
24 TL
1 0 0 1 421.4926666666668 233.59999999999974 Tm
<7368616C6C> Tj
T*
ET
Q
q
BT
0.1 0.12 0.16 rg
/Times-Roman-1081860871 11 Tf
24 TL
1 0 0 1 446.0543333333335 233.59999999999974 Tm
<6265> Tj
T*
ET
Q
q
BT
0.1 0.12 0.16 rg
/Times-Roman-5693843472 11 Tf
24 TL
1 0 0 1 460.2210000000002 233.59999999999974 Tm
<72657461696E6564> Tj
T*
ET
Q
q
BT
0.1 0.12 0.16 rg
/Times-Roman-15487066 11 Tf
24 TL
1 0 0 1 499.4346666666668 233.59999999999974 Tm
<77697468> Tj
T*
ET
Q
q
BT
0.1 0.12 0.16 rg
/Times-Roman-8859331503 11 Tf
24 TL
1 0 0 1 522.7753333333335 233.59999999999974 Tm
<746865> Tj
T*
ET
Q
q
BT
0.1 0.12 0.16 rg
/Times-Roman-1467408027 11 Tf
24 TL
1 0 0 1 72 219.39999999999975 Tm
<7265636F726473206F662074686520436F6D70616E792E> Tj
T*
ET
Q
q
BT
0.1 0.12 0.16 rg
/Times-Bold-1433995909 11 Tf
24 TL
1 0 0 1 72 199.19999999999976 Tm
<4D454D424552533A> Tj
T*
ET
Q
q
0 0 0 RG
0.8 w
[] 0 d
72 168.99999999999977 m
72 168.99999999999977 m
324 168.99999999999977 l
S
Q
q
BT
0.1 0.12 0.16 rg
/Times-Roman-431367356 11 Tf
24 TL
1 0 0 1 72 154.79999999999978 Tm
<4361736579204175646974> Tj
T*
ET
Q
q
BT
0.1 0.12 0.16 rg
/Times-Roman-2109184890 11 Tf
24 TL
1 0 0 1 72 140.5999999999998 Tm
<446174653A20> Tj
T*
ET
Q
q
0 0 0 RG
0.8 w
[] 0 d
98.576 140.5999999999998 m
98.576 140.5999999999998 m
324 140.5999999999998 l
S
Q
q
0 0 0 RG
0.8 w
[] 0 d
72 110.3999999999998 m
72 110.3999999999998 m
324 110.3999999999998 l
S
Q
q
BT
0.1 0.12 0.16 rg
/Times-Roman-8278770604 11 Tf
24 TL
1 0 0 1 72 96.1999999999998 Tm
<426C616972204175646974> Tj
T*
ET
Q
q
BT
0.1 0.12 0.16 rg
/Times-Roman-9057917077 11 Tf
24 TL
1 0 0 1 72 81.9999999999998 Tm
<446174653A20> Tj
T*
ET
Q
q
0 0 0 RG
0.8 w
[] 0 d
98.576 81.9999999999998 m
98.576 81.9999999999998 m
324 81.9999999999998 l
S
Q
q
BT
0.55 0.57 0.6 rg
/Times-Roman-6751442409 7.5 Tf
24 TL
1 0 0 1 506.0475 40 Tm
<506167652031206F662033> Tj
T*
ET
Q

