{"ok":true,"label":"batch25 documents bracketed names satisfy existing alphabet policy"}
{"ok":true,"label":"batch25 documents amendment accepted bracket values render"}
{"ok":true,"label":"batch25 documents amendment typed punctuation literal"}
{"ok":true,"label":"batch25 documents amendment typed paragraphs preserved"}
{"ok":true,"label":"batch25 documents amendment title decoded"}
{"ok":true,"label":"batch25 documents amendment no encoded entities leak"}
{"ok":true,"label":"batch25 documents statement accepted bracket values render"}
{"ok":true,"label":"batch25 documents statement title decoded"}
{"ok":true,"label":"batch25 documents statement no encoded entities leak"}
{"ok":true,"label":"batch25 documents amendment typed ordinary control"}
{"ok":true,"label":"batch25 documents amendment attached ordinary control"}
{"ok":true,"label":"batch25 documents literal client marker [COMPANY NAME]"}
{"ok":true,"label":"batch25 documents literal client marker [SIGNER NAME]"}
{"ok":true,"label":"batch25 documents literal client marker [[indent]]"}
{"ok":true,"label":"batch25 documents literal client marker [[pagebreak]]"}
{"ok":true,"label":"batch25 documents literal client marker Form document"}
{"ok":true,"label":"batch25 documents literal client marker &#91;FAKE&#93;"}
{"ok":true,"label":"batch25 documents literal client marker By: __________"}
{"ok":true,"label":"batch25 documents raw blank required fields rejected \" \""}
{"ok":true,"label":"batch25 documents raw blank required fields rejected \"\\n\\r\""}
{"ok":true,"label":"batch25 documents raw blank required fields rejected \"\\t\\n\""}
{"ok":true,"label":"batch25 documents oa-amendment genuine unresolved master slot refused"}
error: Cannot find module '/private/var/folders/2k/xc2djyxn081bmbwwn467__140000gn/T/batch25-documents-RA5lPk/statement-fault.mjs' from ''

Bun v1.3.14 (macOS arm64)
