Command: python3 docs/audit/document-checks-test.py
Exit: 0
test_all_eight_current_masters (__main__.DocumentChecks) ... /Users/adam/Documents/FLPSLLC Website Review/audit-repair-group-1-2026-09-20/repo/docs/structure.py:90: ResourceWarning: unclosed file <_io.TextIOWrapper name='/Users/adam/Documents/FLPSLLC Website Review/audit-repair-group-1-2026-09-20/repo/webapp/server/templates-oa-single.md' mode='r' encoding='UTF-8'>
  text = open(path).read()
ResourceWarning: Enable tracemalloc to get the object allocation traceback
/Users/adam/Documents/FLPSLLC Website Review/audit-repair-group-1-2026-09-20/repo/docs/structure.py:90: ResourceWarning: unclosed file <_io.TextIOWrapper name='/Users/adam/Documents/FLPSLLC Website Review/audit-repair-group-1-2026-09-20/repo/webapp/server/templates-oa-multi.md' mode='r' encoding='UTF-8'>
  text = open(path).read()
ResourceWarning: Enable tracemalloc to get the object allocation traceback
/Users/adam/Documents/FLPSLLC Website Review/audit-repair-group-1-2026-09-20/repo/docs/structure.py:90: ResourceWarning: unclosed file <_io.TextIOWrapper name='/Users/adam/Documents/FLPSLLC Website Review/audit-repair-group-1-2026-09-20/repo/webapp/server/templates-oa-s.md' mode='r' encoding='UTF-8'>
  text = open(path).read()
ResourceWarning: Enable tracemalloc to get the object allocation traceback
/Users/adam/Documents/FLPSLLC Website Review/audit-repair-group-1-2026-09-20/repo/docs/structure.py:90: ResourceWarning: unclosed file <_io.TextIOWrapper name='/Users/adam/Documents/FLPSLLC Website Review/audit-repair-group-1-2026-09-20/repo/webapp/server/templates-oa-member.md' mode='r' encoding='UTF-8'>
  text = open(path).read()
ResourceWarning: Enable tracemalloc to get the object allocation traceback
/Users/adam/Documents/FLPSLLC Website Review/audit-repair-group-1-2026-09-20/repo/docs/structure.py:90: ResourceWarning: unclosed file <_io.TextIOWrapper name='/Users/adam/Documents/FLPSLLC Website Review/audit-repair-group-1-2026-09-20/repo/webapp/server/templates-oa-member-s.md' mode='r' encoding='UTF-8'>
  text = open(path).read()
ResourceWarning: Enable tracemalloc to get the object allocation traceback
/Users/adam/Documents/FLPSLLC Website Review/audit-repair-group-1-2026-09-20/repo/docs/structure.py:90: ResourceWarning: unclosed file <_io.TextIOWrapper name='/Users/adam/Documents/FLPSLLC Website Review/audit-repair-group-1-2026-09-20/repo/webapp/server/templates-oa-single-s.md' mode='r' encoding='UTF-8'>
  text = open(path).read()
ResourceWarning: Enable tracemalloc to get the object allocation traceback
/Users/adam/Documents/FLPSLLC Website Review/audit-repair-group-1-2026-09-20/repo/docs/structure.py:90: ResourceWarning: unclosed file <_io.TextIOWrapper name='/Users/adam/Documents/FLPSLLC Website Review/audit-repair-group-1-2026-09-20/repo/webapp/server/templates-oa-member-single.md' mode='r' encoding='UTF-8'>
  text = open(path).read()
ResourceWarning: Enable tracemalloc to get the object allocation traceback
/Users/adam/Documents/FLPSLLC Website Review/audit-repair-group-1-2026-09-20/repo/docs/structure.py:90: ResourceWarning: unclosed file <_io.TextIOWrapper name='/Users/adam/Documents/FLPSLLC Website Review/audit-repair-group-1-2026-09-20/repo/webapp/server/templates-oa-member-single-s.md' mode='r' encoding='UTF-8'>
  text = open(path).read()
ResourceWarning: Enable tracemalloc to get the object allocation traceback
ok
test_complete_articles_swapped (__main__.DocumentChecks) ... /Users/adam/Documents/FLPSLLC Website Review/audit-repair-group-1-2026-09-20/repo/docs/structure.py:90: ResourceWarning: unclosed file <_io.TextIOWrapper name='/var/folders/2k/xc2djyxn081bmbwwn467__140000gn/T/document-check-b9ag86yv/fixture.md' mode='r' encoding='UTF-8'>
  text = open(path).read()
ResourceWarning: Enable tracemalloc to get the object allocation traceback
ok
test_complete_sections_swapped (__main__.DocumentChecks) ... /Users/adam/Documents/FLPSLLC Website Review/audit-repair-group-1-2026-09-20/repo/docs/structure.py:90: ResourceWarning: unclosed file <_io.TextIOWrapper name='/var/folders/2k/xc2djyxn081bmbwwn467__140000gn/T/document-check-lip8el0s/fixture.md' mode='r' encoding='UTF-8'>
  text = open(path).read()
ResourceWarning: Enable tracemalloc to get the object allocation traceback
ok
test_consecutive_sections_and_articles (__main__.DocumentChecks) ... /Users/adam/Documents/FLPSLLC Website Review/audit-repair-group-1-2026-09-20/repo/docs/structure.py:90: ResourceWarning: unclosed file <_io.TextIOWrapper name='/var/folders/2k/xc2djyxn081bmbwwn467__140000gn/T/document-check-r974cgxu/fixture.md' mode='r' encoding='UTF-8'>
  text = open(path).read()
ResourceWarning: Enable tracemalloc to get the object allocation traceback
ok
test_existing_duplicate_detection (__main__.DocumentChecks) ... /Users/adam/Documents/FLPSLLC Website Review/audit-repair-group-1-2026-09-20/repo/docs/structure.py:90: ResourceWarning: unclosed file <_io.TextIOWrapper name='/var/folders/2k/xc2djyxn081bmbwwn467__140000gn/T/document-check-t6lsw7oa/fixture.md' mode='r' encoding='UTF-8'>
  text = open(path).read()
ResourceWarning: Enable tracemalloc to get the object allocation traceback
ok
test_existing_missing_article_detection (__main__.DocumentChecks) ... /Users/adam/Documents/FLPSLLC Website Review/audit-repair-group-1-2026-09-20/repo/docs/structure.py:90: ResourceWarning: unclosed file <_io.TextIOWrapper name='/var/folders/2k/xc2djyxn081bmbwwn467__140000gn/T/document-check-8t3dfudd/fixture.md' mode='r' encoding='UTF-8'>
  text = open(path).read()
ResourceWarning: Enable tracemalloc to get the object allocation traceback
ok
test_existing_missing_section_detection (__main__.DocumentChecks) ... /Users/adam/Documents/FLPSLLC Website Review/audit-repair-group-1-2026-09-20/repo/docs/structure.py:90: ResourceWarning: unclosed file <_io.TextIOWrapper name='/var/folders/2k/xc2djyxn081bmbwwn467__140000gn/T/document-check-h3pzsh93/fixture.md' mode='r' encoding='UTF-8'>
  text = open(path).read()
ResourceWarning: Enable tracemalloc to get the object allocation traceback
ok
test_letter_suffixes_out_of_order (__main__.DocumentChecks) ... /Users/adam/Documents/FLPSLLC Website Review/audit-repair-group-1-2026-09-20/repo/docs/structure.py:90: ResourceWarning: unclosed file <_io.TextIOWrapper name='/var/folders/2k/xc2djyxn081bmbwwn467__140000gn/T/document-check-9o7lwd4x/fixture.md' mode='r' encoding='UTF-8'>
  text = open(path).read()
ResourceWarning: Enable tracemalloc to get the object allocation traceback
ok
test_letter_suffixes_remain_supported (__main__.DocumentChecks) ... /Users/adam/Documents/FLPSLLC Website Review/audit-repair-group-1-2026-09-20/repo/docs/structure.py:90: ResourceWarning: unclosed file <_io.TextIOWrapper name='/var/folders/2k/xc2djyxn081bmbwwn467__140000gn/T/document-check-dj0l6det/fixture.md' mode='r' encoding='UTF-8'>
  text = open(path).read()
ResourceWarning: Enable tracemalloc to get the object allocation traceback
ok
test_numeric_sort_not_lexical_sort (__main__.DocumentChecks) ... /Users/adam/Documents/FLPSLLC Website Review/audit-repair-group-1-2026-09-20/repo/docs/structure.py:90: ResourceWarning: unclosed file <_io.TextIOWrapper name='/var/folders/2k/xc2djyxn081bmbwwn467__140000gn/T/document-check-i5kbr2em/fixture.md' mode='r' encoding='UTF-8'>
  text = open(path).read()
ResourceWarning: Enable tracemalloc to get the object allocation traceback
ok
test_section_before_any_article (__main__.DocumentChecks) ... /Users/adam/Documents/FLPSLLC Website Review/audit-repair-group-1-2026-09-20/repo/docs/structure.py:90: ResourceWarning: unclosed file <_io.TextIOWrapper name='/var/folders/2k/xc2djyxn081bmbwwn467__140000gn/T/document-check-ark1kd9d/fixture.md' mode='r' encoding='UTF-8'>
  text = open(path).read()
ResourceWarning: Enable tracemalloc to get the object allocation traceback
ok
test_section_moved_under_wrong_article (__main__.DocumentChecks) ... /Users/adam/Documents/FLPSLLC Website Review/audit-repair-group-1-2026-09-20/repo/docs/structure.py:90: ResourceWarning: unclosed file <_io.TextIOWrapper name='/var/folders/2k/xc2djyxn081bmbwwn467__140000gn/T/document-check-3hqid7hp/fixture.md' mode='r' encoding='UTF-8'>
  text = open(path).read()
ResourceWarning: Enable tracemalloc to get the object allocation traceback
ok

----------------------------------------------------------------------
Ran 12 tests in 0.091s

OK
